NODE VERSION: v22.16.0
APP ROOT: C:\conSis
DB module loaded: ./node-backend/db
Mounted: ./node-backend/routes/auth
🔥 LOADED ROUTE: node-backend/routes/users.js (fixed)
Mounted: ./node-backend/routes/users
Mounted: ./node-backend/routes/products
Mounted: ./node-backend/routes/clients
Mounted: ./node-backend/routes/providers
Mounted: ./node-backend/routes/stations
🔥 LOADED ROUTE: node-backend/routes/operators.js (PLAIN Password + GET detail)
Mounted: ./node-backend/routes/operators
Mounted: ./node-backend/routes/variables
🔥 LOADED ROUTE: node-backend/routes/processes.js (JOIN clientes/productos)
Mounted: ./node-backend/routes/processes
Mounted: ./node-backend/routes/inventory
Mounted: ./node-backend/routes/operativo
✅ LOADED ROUTE: node-backend/routes/company.js
Mounted: ./node-backend/routes/company
Mounted: ./node-backend/routes/dashboard
Mounted: ./node-backend/routes/db
Mounted: ./node-backend/routes/perms
✅ EXPORT ROUTE LOADED (NO-DEPS) - 2026-02-20T16:30:40.050Z
Mounted: ./node-backend/routes/export
Mounted: ./node-backend/routes/maintenance
Mounted: ./node-backend/routes/reports
🚀 Servidor escuchando en puerto: 5060
